// Jest Snapshot v1, https://goo.gl/fbAQLP

exports[`App it should render correctly 1`] = `ShallowWrapper {}`;
